// Jest Snapshot v1, https://goo.gl/fbAQLP

exports[`Home component testing renders correctly 1`] = `
<View
  style={
    {
      "alignItems": "center",
      "flex": 1,
      "justifyContent": "center",
    }
  }
>
  <View
    style={
      {
        "flex": 1,
        "width": "90%",
      }
    }
  >
    <View
      style={
        {
          "flex": 6,
        }
      }
    >
      <View
        style={
          {
            "height": 30,
          }
        }
      />
      <Text
        style={
          {
            "fontWeight": "bold",
            "marginBottom": 20,
          }
        }
      >
        Cart Items (1)
      </Text>
      <RCTScrollView
        data={
          [
            {
              "id": 1,
              "quantity": 2,
            },
          ]
        }
        getItem={[Function]}
        getItemCount={[Function]}
        keyExtractor={[Function]}
        onContentSizeChange={[Function]}
        onLayout={[Function]}
        onMomentumScrollBegin={[Function]}
        onMomentumScrollEnd={[Function]}
        onScroll={[Function]}
        onScrollBeginDrag={[Function]}
        onScrollEndDrag={[Function]}
        removeClippedSubviews={false}
        renderItem={[Function]}
        scrollEventThrottle={50}
        stickyHeaderIndices={[]}
        viewabilityConfigCallbackPairs={[]}
      >
        <View>
          <View
            onFocusCapture={[Function]}
            onLayout={[Function]}
            style={null}
          >
            <View />
          </View>
        </View>
      </RCTScrollView>
    </View>
    <View
      style={
        {
          "flex": 1,
          "flexDirection": "row",
          "marginTop": 20,
        }
      }
    >
      <Text
        style={
          {
            "textAlign": "center",
            "width": 150,
          }
        }
      >
        Cart Total
      </Text>
      <Text />
    </View>
  </View>
</View>
`;

exports[`Home component testing renders correctly when cart is empty 1`] = `
<Text>
  Cart is empty
</Text>
`;
