// Jest Snapshot v1, https://goo.gl/fbAQLP

exports[`Home component testing renders correctly 1`] = `
<View
  style={
    {
      "alignItems": "center",
      "backgroundColor": "beige",
      "flex": 1,
    }
  }
>
  <View
    style={
      {
        "flex": 1,
      }
    }
  >
    <View>
      <RCTScrollView
        data={[]}
        getItem={[Function]}
        getItemCount={[Function]}
        keyExtractor={[Function]}
        onContentSizeChange={[Function]}
        onLayout={[Function]}
        onMomentumScrollBegin={[Function]}
        onMomentumScrollEnd={[Function]}
        onScroll={[Function]}
        onScrollBeginDrag={[Function]}
        onScrollEndDrag={[Function]}
        removeClippedSubviews={false}
        renderItem={[Function]}
        scrollEventThrottle={50}
        stickyHeaderIndices={[]}
        viewabilityConfigCallbackPairs={[]}
      >
        <View />
      </RCTScrollView>
    </View>
  </View>
  <View
    style={
      {
        "alignItems": "center",
        "backgroundColor": "white",
        "justifyContent": "center",
        "width": "100%",
      }
    }
  >
    <View
      accessibilityState={
        {
          "busy": undefined,
          "checked": undefined,
          "disabled": undefined,
          "expanded": undefined,
          "selected": undefined,
        }
      }
      accessibilityValue={
        {
          "max": undefined,
          "min": undefined,
          "now": undefined,
          "text": undefined,
        }
      }
      accessible={true}
      collapsable={false}
      focusable={true}
      onBlur={[Function]}
      onClick={[Function]}
      onFocus={[Function]}
      onResponderGrant={[Function]}
      onResponderMove={[Function]}
      onResponderRelease={[Function]}
      onResponderTerminate={[Function]}
      onResponderTerminationRequest={[Function]}
      onStartShouldSetResponder={[Function]}
      style={
        {
          "backgroundColor": "#FDBEDB",
          "borderColor": "black",
          "borderRadius": 10,
          "borderWidth": 1,
          "height": 50,
          "justifyContent": "center",
          "marginVertical": 10,
          "paddingHorizontal": 30,
        }
      }
      testID="go-to-cart"
    >
      <Text
        style={
          {
            "fontWeight": "bold",
            "textAlign": "center",
          }
        }
      >
        Go to Cart
      </Text>
    </View>
  </View>
</View>
`;
