// Jest Snapshot v1, https://goo.gl/fbAQLP

exports[`CartItems component testing renders correctly 1`] = `
<View
  style={
    {
      "flex": 1,
      "width": "90%",
    }
  }
>
  <View
    style={
      {
        "flex": 6,
      }
    }
  >
    <View
      style={
        {
          "height": 30,
        }
      }
    />
    <Text
      style={
        {
          "fontWeight": "bold",
          "marginBottom": 20,
        }
      }
    >
      Cart Items (2)
    </Text>
    <RCTScrollView
      data={
        [
          {
            "id": 1,
            "quantity": 2,
          },
          {
            "id": 2,
            "quantity": 1,
          },
        ]
      }
      getItem={[Function]}
      getItemCount={[Function]}
      keyExtractor={[Function]}
      onContentSizeChange={[Function]}
      onLayout={[Function]}
      onMomentumScrollBegin={[Function]}
      onMomentumScrollEnd={[Function]}
      onScroll={[Function]}
      onScrollBeginDrag={[Function]}
      onScrollEndDrag={[Function]}
      removeClippedSubviews={false}
      renderItem={[Function]}
      scrollEventThrottle={50}
      stickyHeaderIndices={[]}
      viewabilityConfigCallbackPairs={[]}
    >
      <View>
        <View
          onFocusCapture={[Function]}
          onLayout={[Function]}
          style={null}
        >
          <View />
        </View>
        <View
          onFocusCapture={[Function]}
          onLayout={[Function]}
          style={null}
        >
          <View />
        </View>
      </View>
    </RCTScrollView>
  </View>
  <View
    style={
      {
        "flex": 1,
        "flexDirection": "row",
        "marginTop": 20,
      }
    }
  >
    <Text
      style={
        {
          "textAlign": "center",
          "width": 150,
        }
      }
    >
      Cart Total
    </Text>
    <Text>
      30
    </Text>
  </View>
</View>
`;

exports[`CartItems component testing renders correctly when cart is empty 1`] = `
<Text>
  Cart is Empty
</Text>
`;
